node.exe : ΓÇó turbo 2.9.3
At line:1 char:1
+ & "C:\nvm4w\nodejs/node.exe" "C:\nv
m4w\nodejs/node_modules/npm/bin/np 
...
+ ~~~~~~~~~~~~~~~~~~~~~~~~~~~~~~~~~~~
~~~~~~~~~~~~~~~~~~~~~~~~~~~~~~~~~~
    + CategoryInfo          : NotSpe 
   cified: (ΓÇó turbo 2.9.3:String)  
   [], RemoteException
    + FullyQualifiedErrorId : Native 
   CommandError
 
  x Could not resolve workspaces.
  `-> Missing `packageManager` field 
in package.json

